ARM GAS  C:\Users\Vit\AppData\Local\Temp\ccPqNq4U.s 			page 1


   1              		.cpu cortex-m0
   2              		.fpu softvfp
   3              		.eabi_attribute 20, 1
   4              		.eabi_attribute 21, 1
   5              		.eabi_attribute 23, 3
   6              		.eabi_attribute 24, 1
   7              		.eabi_attribute 25, 1
   8              		.eabi_attribute 26, 1
   9              		.eabi_attribute 30, 4
  10              		.eabi_attribute 34, 0
  11              		.eabi_attribute 18, 4
  12              		.code	16
  13              		.file	"I2C_I2C.c"
  14              		.text
  15              	.Ltext0:
  16              		.cfi_sections	.debug_frame
  17              		.section	.text.I2C_I2CInit,"ax",%progbits
  18              		.align	1
  19              		.global	I2C_I2CInit
  20              		.code	16
  21              		.thumb_func
  22              		.type	I2C_I2CInit, %function
  23              	I2C_I2CInit:
  24              	.LFB0:
  25              		.file 1 ".\\Generated_Source\\PSoC4\\I2C_I2C.c"
   1:.\Generated_Source\PSoC4/I2C_I2C.c **** /*******************************************************************************
   2:.\Generated_Source\PSoC4/I2C_I2C.c **** * File Name: I2C_I2C.c
   3:.\Generated_Source\PSoC4/I2C_I2C.c **** * Version 3.0
   4:.\Generated_Source\PSoC4/I2C_I2C.c **** *
   5:.\Generated_Source\PSoC4/I2C_I2C.c **** * Description:
   6:.\Generated_Source\PSoC4/I2C_I2C.c **** *  This file provides the source code to the API for the SCB Component in
   7:.\Generated_Source\PSoC4/I2C_I2C.c **** *  I2C mode.
   8:.\Generated_Source\PSoC4/I2C_I2C.c **** *
   9:.\Generated_Source\PSoC4/I2C_I2C.c **** * Note:
  10:.\Generated_Source\PSoC4/I2C_I2C.c **** *
  11:.\Generated_Source\PSoC4/I2C_I2C.c **** *******************************************************************************
  12:.\Generated_Source\PSoC4/I2C_I2C.c **** * Copyright 2013-2015, Cypress Semiconductor Corporation.  All rights reserved.
  13:.\Generated_Source\PSoC4/I2C_I2C.c **** * You may use this file only in accordance with the license, terms, conditions,
  14:.\Generated_Source\PSoC4/I2C_I2C.c **** * disclaimers, and limitations in the end user license agreement accompanying
  15:.\Generated_Source\PSoC4/I2C_I2C.c **** * the software package with which this file was provided.
  16:.\Generated_Source\PSoC4/I2C_I2C.c **** *******************************************************************************/
  17:.\Generated_Source\PSoC4/I2C_I2C.c **** 
  18:.\Generated_Source\PSoC4/I2C_I2C.c **** #include "I2C_PVT.h"
  19:.\Generated_Source\PSoC4/I2C_I2C.c **** #include "I2C_I2C_PVT.h"
  20:.\Generated_Source\PSoC4/I2C_I2C.c **** 
  21:.\Generated_Source\PSoC4/I2C_I2C.c **** 
  22:.\Generated_Source\PSoC4/I2C_I2C.c **** /***************************************
  23:.\Generated_Source\PSoC4/I2C_I2C.c **** *      I2C Private Vars
  24:.\Generated_Source\PSoC4/I2C_I2C.c **** ***************************************/
  25:.\Generated_Source\PSoC4/I2C_I2C.c **** 
  26:.\Generated_Source\PSoC4/I2C_I2C.c **** volatile uint8 I2C_state;  /* Current state of I2C FSM */
  27:.\Generated_Source\PSoC4/I2C_I2C.c **** 
  28:.\Generated_Source\PSoC4/I2C_I2C.c **** #if(I2C_SCB_MODE_UNCONFIG_CONST_CFG)
  29:.\Generated_Source\PSoC4/I2C_I2C.c **** 
  30:.\Generated_Source\PSoC4/I2C_I2C.c ****     /***************************************
  31:.\Generated_Source\PSoC4/I2C_I2C.c ****     *  Configuration Structure Initialization
  32:.\Generated_Source\PSoC4/I2C_I2C.c ****     ***************************************/
ARM GAS  C:\Users\Vit\AppData\Local\Temp\ccPqNq4U.s 			page 2


  33:.\Generated_Source\PSoC4/I2C_I2C.c **** 
  34:.\Generated_Source\PSoC4/I2C_I2C.c ****     /* Constant configuration of I2C */
  35:.\Generated_Source\PSoC4/I2C_I2C.c ****     const I2C_I2C_INIT_STRUCT I2C_configI2C =
  36:.\Generated_Source\PSoC4/I2C_I2C.c ****     {
  37:.\Generated_Source\PSoC4/I2C_I2C.c ****         I2C_I2C_MODE,
  38:.\Generated_Source\PSoC4/I2C_I2C.c ****         I2C_I2C_OVS_FACTOR_LOW,
  39:.\Generated_Source\PSoC4/I2C_I2C.c ****         I2C_I2C_OVS_FACTOR_HIGH,
  40:.\Generated_Source\PSoC4/I2C_I2C.c ****         I2C_I2C_MEDIAN_FILTER_ENABLE,
  41:.\Generated_Source\PSoC4/I2C_I2C.c ****         I2C_I2C_SLAVE_ADDRESS,
  42:.\Generated_Source\PSoC4/I2C_I2C.c ****         I2C_I2C_SLAVE_ADDRESS_MASK,
  43:.\Generated_Source\PSoC4/I2C_I2C.c ****         I2C_I2C_ACCEPT_ADDRESS,
  44:.\Generated_Source\PSoC4/I2C_I2C.c ****         I2C_I2C_WAKE_ENABLE,
  45:.\Generated_Source\PSoC4/I2C_I2C.c ****         I2C_I2C_BYTE_MODE_ENABLE,
  46:.\Generated_Source\PSoC4/I2C_I2C.c ****         I2C_I2C_DATA_RATE,
  47:.\Generated_Source\PSoC4/I2C_I2C.c ****         I2C_I2C_ACCEPT_GENERAL_CALL,
  48:.\Generated_Source\PSoC4/I2C_I2C.c ****     };
  49:.\Generated_Source\PSoC4/I2C_I2C.c **** 
  50:.\Generated_Source\PSoC4/I2C_I2C.c ****     /*******************************************************************************
  51:.\Generated_Source\PSoC4/I2C_I2C.c ****     * Function Name: I2C_I2CInit
  52:.\Generated_Source\PSoC4/I2C_I2C.c ****     ********************************************************************************
  53:.\Generated_Source\PSoC4/I2C_I2C.c ****     *
  54:.\Generated_Source\PSoC4/I2C_I2C.c ****     * Summary:
  55:.\Generated_Source\PSoC4/I2C_I2C.c ****     *  Configures the SCB for I2C operation.
  56:.\Generated_Source\PSoC4/I2C_I2C.c ****     *
  57:.\Generated_Source\PSoC4/I2C_I2C.c ****     * Parameters:
  58:.\Generated_Source\PSoC4/I2C_I2C.c ****     *  config:  Pointer to a structure that contains the following ordered list of
  59:.\Generated_Source\PSoC4/I2C_I2C.c ****     *           fields. These fields match the selections available in the
  60:.\Generated_Source\PSoC4/I2C_I2C.c ****     *           customizer.
  61:.\Generated_Source\PSoC4/I2C_I2C.c ****     *
  62:.\Generated_Source\PSoC4/I2C_I2C.c ****     * Return:
  63:.\Generated_Source\PSoC4/I2C_I2C.c ****     *  None
  64:.\Generated_Source\PSoC4/I2C_I2C.c ****     *
  65:.\Generated_Source\PSoC4/I2C_I2C.c ****     *******************************************************************************/
  66:.\Generated_Source\PSoC4/I2C_I2C.c ****     void I2C_I2CInit(const I2C_I2C_INIT_STRUCT *config)
  67:.\Generated_Source\PSoC4/I2C_I2C.c ****     {
  68:.\Generated_Source\PSoC4/I2C_I2C.c ****         uint32 medianFilter;
  69:.\Generated_Source\PSoC4/I2C_I2C.c ****         uint32 locEnableWake;
  70:.\Generated_Source\PSoC4/I2C_I2C.c **** 
  71:.\Generated_Source\PSoC4/I2C_I2C.c ****         if(NULL == config)
  72:.\Generated_Source\PSoC4/I2C_I2C.c ****         {
  73:.\Generated_Source\PSoC4/I2C_I2C.c ****             CYASSERT(0u != 0u); /* Halt execution due to bad function parameter */
  74:.\Generated_Source\PSoC4/I2C_I2C.c ****         }
  75:.\Generated_Source\PSoC4/I2C_I2C.c ****         else
  76:.\Generated_Source\PSoC4/I2C_I2C.c ****         {
  77:.\Generated_Source\PSoC4/I2C_I2C.c ****             /* Configure pins */
  78:.\Generated_Source\PSoC4/I2C_I2C.c ****             I2C_SetPins(I2C_SCB_MODE_I2C, I2C_DUMMY_PARAM,
  79:.\Generated_Source\PSoC4/I2C_I2C.c ****                                      I2C_DUMMY_PARAM);
  80:.\Generated_Source\PSoC4/I2C_I2C.c **** 
  81:.\Generated_Source\PSoC4/I2C_I2C.c ****             /* Store internal configuration */
  82:.\Generated_Source\PSoC4/I2C_I2C.c ****             I2C_scbMode       = (uint8) I2C_SCB_MODE_I2C;
  83:.\Generated_Source\PSoC4/I2C_I2C.c ****             I2C_scbEnableWake = (uint8) config->enableWake;
  84:.\Generated_Source\PSoC4/I2C_I2C.c ****             I2C_scbEnableIntr = (uint8) I2C_SCB_IRQ_INTERNAL;
  85:.\Generated_Source\PSoC4/I2C_I2C.c **** 
  86:.\Generated_Source\PSoC4/I2C_I2C.c ****             I2C_mode          = (uint8) config->mode;
  87:.\Generated_Source\PSoC4/I2C_I2C.c ****             I2C_acceptAddr    = (uint8) config->acceptAddr;
  88:.\Generated_Source\PSoC4/I2C_I2C.c **** 
  89:.\Generated_Source\PSoC4/I2C_I2C.c ****         #if (I2C_CY_SCBIP_V0)
ARM GAS  C:\Users\Vit\AppData\Local\Temp\ccPqNq4U.s 			page 3


  90:.\Generated_Source\PSoC4/I2C_I2C.c ****             /* Adjust SDA filter settings. Ticket ID#150521 */
  91:.\Generated_Source\PSoC4/I2C_I2C.c ****             I2C_SET_I2C_CFG_SDA_FILT_TRIM(I2C_EC_AM_I2C_CFG_SDA_FILT_TRIM);
  92:.\Generated_Source\PSoC4/I2C_I2C.c ****         #endif /* (I2C_CY_SCBIP_V0) */
  93:.\Generated_Source\PSoC4/I2C_I2C.c **** 
  94:.\Generated_Source\PSoC4/I2C_I2C.c ****             /* Adjust AF and DF filter settings. Ticket ID#176179 */
  95:.\Generated_Source\PSoC4/I2C_I2C.c ****             if (((I2C_I2C_MODE_SLAVE != config->mode) &&
  96:.\Generated_Source\PSoC4/I2C_I2C.c ****                  (config->dataRate <= I2C_I2C_DATA_RATE_FS_MODE_MAX)) ||
  97:.\Generated_Source\PSoC4/I2C_I2C.c ****                  (I2C_I2C_MODE_SLAVE == config->mode))
  98:.\Generated_Source\PSoC4/I2C_I2C.c ****             {
  99:.\Generated_Source\PSoC4/I2C_I2C.c ****                 /* AF = 1, DF = 0 */
 100:.\Generated_Source\PSoC4/I2C_I2C.c ****                 I2C_I2C_CFG_ANALOG_FITER_ENABLE;
 101:.\Generated_Source\PSoC4/I2C_I2C.c ****                 medianFilter = I2C_DIGITAL_FILTER_DISABLE;
 102:.\Generated_Source\PSoC4/I2C_I2C.c ****             }
 103:.\Generated_Source\PSoC4/I2C_I2C.c ****             else
 104:.\Generated_Source\PSoC4/I2C_I2C.c ****             {
 105:.\Generated_Source\PSoC4/I2C_I2C.c ****                 /* AF = 0, DF = 1 */
 106:.\Generated_Source\PSoC4/I2C_I2C.c ****                 I2C_I2C_CFG_ANALOG_FITER_DISABLE;
 107:.\Generated_Source\PSoC4/I2C_I2C.c ****                 medianFilter = I2C_DIGITAL_FILTER_ENABLE;
 108:.\Generated_Source\PSoC4/I2C_I2C.c ****             }
 109:.\Generated_Source\PSoC4/I2C_I2C.c **** 
 110:.\Generated_Source\PSoC4/I2C_I2C.c ****         #if (!I2C_CY_SCBIP_V0)
 111:.\Generated_Source\PSoC4/I2C_I2C.c ****             locEnableWake = (I2C_I2C_MULTI_MASTER_SLAVE) ? (0u) : (config->enableWake);
 112:.\Generated_Source\PSoC4/I2C_I2C.c ****         #else
 113:.\Generated_Source\PSoC4/I2C_I2C.c ****             locEnableWake = config->enableWake;
 114:.\Generated_Source\PSoC4/I2C_I2C.c ****         #endif /* (!I2C_CY_SCBIP_V0) */
 115:.\Generated_Source\PSoC4/I2C_I2C.c **** 
 116:.\Generated_Source\PSoC4/I2C_I2C.c ****             /* Configure I2C interface */
 117:.\Generated_Source\PSoC4/I2C_I2C.c ****             I2C_CTRL_REG     = I2C_GET_CTRL_BYTE_MODE  (config->enableByteMode) |
 118:.\Generated_Source\PSoC4/I2C_I2C.c ****                                             I2C_GET_CTRL_ADDR_ACCEPT(config->acceptAddr)     |
 119:.\Generated_Source\PSoC4/I2C_I2C.c ****                                             I2C_GET_CTRL_EC_AM_MODE (locEnableWake);
 120:.\Generated_Source\PSoC4/I2C_I2C.c **** 
 121:.\Generated_Source\PSoC4/I2C_I2C.c ****             I2C_I2C_CTRL_REG = I2C_GET_I2C_CTRL_HIGH_PHASE_OVS(config->oversampleHigh) |
 122:.\Generated_Source\PSoC4/I2C_I2C.c ****                     I2C_GET_I2C_CTRL_LOW_PHASE_OVS (config->oversampleLow)                         
 123:.\Generated_Source\PSoC4/I2C_I2C.c ****                     I2C_GET_I2C_CTRL_S_GENERAL_IGNORE((uint32)(0u == config->acceptGeneralAddr))   
 124:.\Generated_Source\PSoC4/I2C_I2C.c ****                     I2C_GET_I2C_CTRL_SL_MSTR_MODE  (config->mode);
 125:.\Generated_Source\PSoC4/I2C_I2C.c **** 
 126:.\Generated_Source\PSoC4/I2C_I2C.c ****             /* Configure RX direction */
 127:.\Generated_Source\PSoC4/I2C_I2C.c ****             I2C_RX_CTRL_REG      = I2C_GET_RX_CTRL_MEDIAN(medianFilter) |
 128:.\Generated_Source\PSoC4/I2C_I2C.c ****                                                 I2C_I2C_RX_CTRL;
 129:.\Generated_Source\PSoC4/I2C_I2C.c ****             I2C_RX_FIFO_CTRL_REG = I2C_CLEAR_REG;
 130:.\Generated_Source\PSoC4/I2C_I2C.c **** 
 131:.\Generated_Source\PSoC4/I2C_I2C.c ****             /* Set default address and mask */
 132:.\Generated_Source\PSoC4/I2C_I2C.c ****             I2C_RX_MATCH_REG    = ((I2C_I2C_SLAVE) ?
 133:.\Generated_Source\PSoC4/I2C_I2C.c ****                                                 (I2C_GET_I2C_8BIT_ADDRESS(config->slaveAddr) |
 134:.\Generated_Source\PSoC4/I2C_I2C.c ****                                                  I2C_GET_RX_MATCH_MASK(config->slaveAddrMask)) :
 135:.\Generated_Source\PSoC4/I2C_I2C.c ****                                                 (I2C_CLEAR_REG));
 136:.\Generated_Source\PSoC4/I2C_I2C.c **** 
 137:.\Generated_Source\PSoC4/I2C_I2C.c **** 
 138:.\Generated_Source\PSoC4/I2C_I2C.c ****             /* Configure TX direction */
 139:.\Generated_Source\PSoC4/I2C_I2C.c ****             I2C_TX_CTRL_REG      = I2C_I2C_TX_CTRL;
 140:.\Generated_Source\PSoC4/I2C_I2C.c ****             I2C_TX_FIFO_CTRL_REG = I2C_CLEAR_REG;
 141:.\Generated_Source\PSoC4/I2C_I2C.c **** 
 142:.\Generated_Source\PSoC4/I2C_I2C.c ****             /* Configure interrupt with I2C handler but do not enable it */
 143:.\Generated_Source\PSoC4/I2C_I2C.c ****             CyIntDisable    (I2C_ISR_NUMBER);
 144:.\Generated_Source\PSoC4/I2C_I2C.c ****             CyIntSetPriority(I2C_ISR_NUMBER, I2C_ISR_PRIORITY);
 145:.\Generated_Source\PSoC4/I2C_I2C.c ****             (void) CyIntSetVector(I2C_ISR_NUMBER, &I2C_I2C_ISR);
 146:.\Generated_Source\PSoC4/I2C_I2C.c **** 
ARM GAS  C:\Users\Vit\AppData\Local\Temp\ccPqNq4U.s 			page 4


 147:.\Generated_Source\PSoC4/I2C_I2C.c ****             /* Configure interrupt sources */
 148:.\Generated_Source\PSoC4/I2C_I2C.c ****         #if(!I2C_CY_SCBIP_V1)
 149:.\Generated_Source\PSoC4/I2C_I2C.c ****             I2C_INTR_SPI_EC_MASK_REG = I2C_NO_INTR_SOURCES;
 150:.\Generated_Source\PSoC4/I2C_I2C.c ****         #endif /* (!I2C_CY_SCBIP_V1) */
 151:.\Generated_Source\PSoC4/I2C_I2C.c **** 
 152:.\Generated_Source\PSoC4/I2C_I2C.c ****             I2C_INTR_I2C_EC_MASK_REG = I2C_NO_INTR_SOURCES;
 153:.\Generated_Source\PSoC4/I2C_I2C.c ****             I2C_INTR_RX_MASK_REG     = I2C_NO_INTR_SOURCES;
 154:.\Generated_Source\PSoC4/I2C_I2C.c ****             I2C_INTR_TX_MASK_REG     = I2C_NO_INTR_SOURCES;
 155:.\Generated_Source\PSoC4/I2C_I2C.c **** 
 156:.\Generated_Source\PSoC4/I2C_I2C.c ****             I2C_INTR_SLAVE_MASK_REG  = ((I2C_I2C_SLAVE) ?
 157:.\Generated_Source\PSoC4/I2C_I2C.c ****                             (I2C_GET_INTR_SLAVE_I2C_GENERAL(config->acceptGeneralAddr) |
 158:.\Generated_Source\PSoC4/I2C_I2C.c ****                              I2C_I2C_INTR_SLAVE_MASK) : (I2C_CLEAR_REG));
 159:.\Generated_Source\PSoC4/I2C_I2C.c **** 
 160:.\Generated_Source\PSoC4/I2C_I2C.c ****             I2C_INTR_MASTER_MASK_REG = ((I2C_I2C_MASTER) ?
 161:.\Generated_Source\PSoC4/I2C_I2C.c ****                                                      (I2C_I2C_INTR_MASTER_MASK) :
 162:.\Generated_Source\PSoC4/I2C_I2C.c ****                                                      (I2C_CLEAR_REG));
 163:.\Generated_Source\PSoC4/I2C_I2C.c **** 
 164:.\Generated_Source\PSoC4/I2C_I2C.c ****             /* Configure global variables */
 165:.\Generated_Source\PSoC4/I2C_I2C.c ****             I2C_state = I2C_I2C_FSM_IDLE;
 166:.\Generated_Source\PSoC4/I2C_I2C.c **** 
 167:.\Generated_Source\PSoC4/I2C_I2C.c ****             /* Internal slave variables */
 168:.\Generated_Source\PSoC4/I2C_I2C.c ****             I2C_slStatus        = 0u;
 169:.\Generated_Source\PSoC4/I2C_I2C.c ****             I2C_slRdBufIndex    = 0u;
 170:.\Generated_Source\PSoC4/I2C_I2C.c ****             I2C_slWrBufIndex    = 0u;
 171:.\Generated_Source\PSoC4/I2C_I2C.c ****             I2C_slOverFlowCount = 0u;
 172:.\Generated_Source\PSoC4/I2C_I2C.c **** 
 173:.\Generated_Source\PSoC4/I2C_I2C.c ****             /* Internal master variables */
 174:.\Generated_Source\PSoC4/I2C_I2C.c ****             I2C_mstrStatus     = 0u;
 175:.\Generated_Source\PSoC4/I2C_I2C.c ****             I2C_mstrRdBufIndex = 0u;
 176:.\Generated_Source\PSoC4/I2C_I2C.c ****             I2C_mstrWrBufIndex = 0u;
 177:.\Generated_Source\PSoC4/I2C_I2C.c ****         }
 178:.\Generated_Source\PSoC4/I2C_I2C.c ****     }
 179:.\Generated_Source\PSoC4/I2C_I2C.c **** 
 180:.\Generated_Source\PSoC4/I2C_I2C.c **** #else
 181:.\Generated_Source\PSoC4/I2C_I2C.c **** 
 182:.\Generated_Source\PSoC4/I2C_I2C.c ****     /*******************************************************************************
 183:.\Generated_Source\PSoC4/I2C_I2C.c ****     * Function Name: I2C_I2CInit
 184:.\Generated_Source\PSoC4/I2C_I2C.c ****     ********************************************************************************
 185:.\Generated_Source\PSoC4/I2C_I2C.c ****     *
 186:.\Generated_Source\PSoC4/I2C_I2C.c ****     * Summary:
 187:.\Generated_Source\PSoC4/I2C_I2C.c ****     *  Configures the SCB for the I2C operation.
 188:.\Generated_Source\PSoC4/I2C_I2C.c ****     *
 189:.\Generated_Source\PSoC4/I2C_I2C.c ****     * Parameters:
 190:.\Generated_Source\PSoC4/I2C_I2C.c ****     *  None
 191:.\Generated_Source\PSoC4/I2C_I2C.c ****     *
 192:.\Generated_Source\PSoC4/I2C_I2C.c ****     * Return:
 193:.\Generated_Source\PSoC4/I2C_I2C.c ****     *  None
 194:.\Generated_Source\PSoC4/I2C_I2C.c ****     *
 195:.\Generated_Source\PSoC4/I2C_I2C.c ****     *******************************************************************************/
 196:.\Generated_Source\PSoC4/I2C_I2C.c ****     void I2C_I2CInit(void)
 197:.\Generated_Source\PSoC4/I2C_I2C.c ****     {
  26              		.loc 1 197 0
  27              		.cfi_startproc
 198:.\Generated_Source\PSoC4/I2C_I2C.c ****     #if(I2C_CY_SCBIP_V0)
 199:.\Generated_Source\PSoC4/I2C_I2C.c ****         /* Adjust SDA filter settings. Ticket ID#150521 */
 200:.\Generated_Source\PSoC4/I2C_I2C.c ****         I2C_SET_I2C_CFG_SDA_FILT_TRIM(I2C_EC_AM_I2C_CFG_SDA_FILT_TRIM);
  28              		.loc 1 200 0
ARM GAS  C:\Users\Vit\AppData\Local\Temp\ccPqNq4U.s 			page 5


  29 0000 0C21     		mov	r1, #12
 197:.\Generated_Source\PSoC4/I2C_I2C.c ****     #if(I2C_CY_SCBIP_V0)
  30              		.loc 1 197 0
  31 0002 10B5     		push	{r4, lr}
  32              		.cfi_def_cfa_offset 8
  33              		.cfi_offset 4, -8
  34              		.cfi_offset 14, -4
 201:.\Generated_Source\PSoC4/I2C_I2C.c ****     #endif /* (I2C_CY_SCBIP_V0) */
 202:.\Generated_Source\PSoC4/I2C_I2C.c **** 
 203:.\Generated_Source\PSoC4/I2C_I2C.c ****         /* Adjust AF and DF filter settings. Ticket ID#176179 */
 204:.\Generated_Source\PSoC4/I2C_I2C.c ****         I2C_I2C_CFG_ANALOG_FITER_ENABLE_ADJ;
 205:.\Generated_Source\PSoC4/I2C_I2C.c **** 
 206:.\Generated_Source\PSoC4/I2C_I2C.c ****         /* Configure I2C interface */
 207:.\Generated_Source\PSoC4/I2C_I2C.c ****         I2C_CTRL_REG     = I2C_I2C_DEFAULT_CTRL;
  35              		.loc 1 207 0
  36 0004 0024     		mov	r4, #0
 200:.\Generated_Source\PSoC4/I2C_I2C.c ****     #endif /* (I2C_CY_SCBIP_V0) */
  37              		.loc 1 200 0
  38 0006 1C4A     		ldr	r2, .L2
 208:.\Generated_Source\PSoC4/I2C_I2C.c ****         I2C_I2C_CTRL_REG = I2C_I2C_DEFAULT_I2C_CTRL;
 209:.\Generated_Source\PSoC4/I2C_I2C.c **** 
 210:.\Generated_Source\PSoC4/I2C_I2C.c ****         /* Configure RX direction */
 211:.\Generated_Source\PSoC4/I2C_I2C.c ****         I2C_RX_CTRL_REG      = I2C_I2C_DEFAULT_RX_CTRL;
 212:.\Generated_Source\PSoC4/I2C_I2C.c ****         I2C_RX_FIFO_CTRL_REG = I2C_I2C_DEFAULT_RX_FIFO_CTRL;
 213:.\Generated_Source\PSoC4/I2C_I2C.c **** 
 214:.\Generated_Source\PSoC4/I2C_I2C.c ****         /* Set default address and mask */
 215:.\Generated_Source\PSoC4/I2C_I2C.c ****         I2C_RX_MATCH_REG     = I2C_I2C_DEFAULT_RX_MATCH;
 216:.\Generated_Source\PSoC4/I2C_I2C.c **** 
 217:.\Generated_Source\PSoC4/I2C_I2C.c ****         /* Configure TX direction */
 218:.\Generated_Source\PSoC4/I2C_I2C.c ****         I2C_TX_CTRL_REG      = I2C_I2C_DEFAULT_TX_CTRL;
 219:.\Generated_Source\PSoC4/I2C_I2C.c ****         I2C_TX_FIFO_CTRL_REG = I2C_I2C_DEFAULT_TX_FIFO_CTRL;
 220:.\Generated_Source\PSoC4/I2C_I2C.c **** 
 221:.\Generated_Source\PSoC4/I2C_I2C.c ****         /* Configure interrupt with I2C handler but do not enable it */
 222:.\Generated_Source\PSoC4/I2C_I2C.c ****         CyIntDisable    (I2C_ISR_NUMBER);
  39              		.loc 1 222 0
  40 0008 0B20     		mov	r0, #11
 200:.\Generated_Source\PSoC4/I2C_I2C.c ****     #endif /* (I2C_CY_SCBIP_V0) */
  41              		.loc 1 200 0
  42 000a 1368     		ldr	r3, [r2]
 223:.\Generated_Source\PSoC4/I2C_I2C.c ****         CyIntSetPriority(I2C_ISR_NUMBER, I2C_ISR_PRIORITY);
 224:.\Generated_Source\PSoC4/I2C_I2C.c ****     #if(!I2C_I2C_EXTERN_INTR_HANDLER)
 225:.\Generated_Source\PSoC4/I2C_I2C.c ****         (void) CyIntSetVector(I2C_ISR_NUMBER, &I2C_I2C_ISR);
 226:.\Generated_Source\PSoC4/I2C_I2C.c ****     #endif /* (I2C_I2C_EXTERN_INTR_HANDLER) */
 227:.\Generated_Source\PSoC4/I2C_I2C.c **** 
 228:.\Generated_Source\PSoC4/I2C_I2C.c ****         /* Configure interrupt sources */
 229:.\Generated_Source\PSoC4/I2C_I2C.c ****     #if(!I2C_CY_SCBIP_V1)
 230:.\Generated_Source\PSoC4/I2C_I2C.c ****         I2C_INTR_SPI_EC_MASK_REG = I2C_I2C_DEFAULT_INTR_SPI_EC_MASK;
 231:.\Generated_Source\PSoC4/I2C_I2C.c ****     #endif /* (!I2C_CY_SCBIP_V1) */
 232:.\Generated_Source\PSoC4/I2C_I2C.c **** 
 233:.\Generated_Source\PSoC4/I2C_I2C.c ****         I2C_INTR_I2C_EC_MASK_REG = I2C_I2C_DEFAULT_INTR_I2C_EC_MASK;
 234:.\Generated_Source\PSoC4/I2C_I2C.c ****         I2C_INTR_SLAVE_MASK_REG  = I2C_I2C_DEFAULT_INTR_SLAVE_MASK;
 235:.\Generated_Source\PSoC4/I2C_I2C.c ****         I2C_INTR_MASTER_MASK_REG = I2C_I2C_DEFAULT_INTR_MASTER_MASK;
 236:.\Generated_Source\PSoC4/I2C_I2C.c ****         I2C_INTR_RX_MASK_REG     = I2C_I2C_DEFAULT_INTR_RX_MASK;
 237:.\Generated_Source\PSoC4/I2C_I2C.c ****         I2C_INTR_TX_MASK_REG     = I2C_I2C_DEFAULT_INTR_TX_MASK;
 238:.\Generated_Source\PSoC4/I2C_I2C.c **** 
 239:.\Generated_Source\PSoC4/I2C_I2C.c ****         /* Configure global variables */
 240:.\Generated_Source\PSoC4/I2C_I2C.c ****         I2C_state = I2C_I2C_FSM_IDLE;
ARM GAS  C:\Users\Vit\AppData\Local\Temp\ccPqNq4U.s 			page 6


 241:.\Generated_Source\PSoC4/I2C_I2C.c **** 
 242:.\Generated_Source\PSoC4/I2C_I2C.c ****     #if(I2C_I2C_SLAVE)
 243:.\Generated_Source\PSoC4/I2C_I2C.c ****         /* Internal slave variable */
 244:.\Generated_Source\PSoC4/I2C_I2C.c ****         I2C_slStatus        = 0u;
 245:.\Generated_Source\PSoC4/I2C_I2C.c ****         I2C_slRdBufIndex    = 0u;
 246:.\Generated_Source\PSoC4/I2C_I2C.c ****         I2C_slWrBufIndex    = 0u;
 247:.\Generated_Source\PSoC4/I2C_I2C.c ****         I2C_slOverFlowCount = 0u;
 248:.\Generated_Source\PSoC4/I2C_I2C.c ****     #endif /* (I2C_I2C_SLAVE) */
 249:.\Generated_Source\PSoC4/I2C_I2C.c **** 
 250:.\Generated_Source\PSoC4/I2C_I2C.c ****     #if(I2C_I2C_MASTER)
 251:.\Generated_Source\PSoC4/I2C_I2C.c ****     /* Internal master variable */
 252:.\Generated_Source\PSoC4/I2C_I2C.c ****         I2C_mstrStatus     = 0u;
 253:.\Generated_Source\PSoC4/I2C_I2C.c ****         I2C_mstrRdBufIndex = 0u;
 254:.\Generated_Source\PSoC4/I2C_I2C.c ****         I2C_mstrWrBufIndex = 0u;
 255:.\Generated_Source\PSoC4/I2C_I2C.c ****     #endif /* (I2C_I2C_MASTER) */
 256:.\Generated_Source\PSoC4/I2C_I2C.c ****     }
  43              		.loc 1 256 0
  44              		@ sp needed
 200:.\Generated_Source\PSoC4/I2C_I2C.c ****     #endif /* (I2C_CY_SCBIP_V0) */
  45              		.loc 1 200 0
  46 000c 0B43     		orr	r3, r1
  47 000e 1360     		str	r3, [r2]
 207:.\Generated_Source\PSoC4/I2C_I2C.c ****         I2C_I2C_CTRL_REG = I2C_I2C_DEFAULT_I2C_CTRL;
  48              		.loc 1 207 0
  49 0010 1A4B     		ldr	r3, .L2+4
 208:.\Generated_Source\PSoC4/I2C_I2C.c **** 
  50              		.loc 1 208 0
  51 0012 1B4A     		ldr	r2, .L2+8
 207:.\Generated_Source\PSoC4/I2C_I2C.c ****         I2C_I2C_CTRL_REG = I2C_I2C_DEFAULT_I2C_CTRL;
  52              		.loc 1 207 0
  53 0014 1C60     		str	r4, [r3]
 208:.\Generated_Source\PSoC4/I2C_I2C.c **** 
  54              		.loc 1 208 0
  55 0016 1B4B     		ldr	r3, .L2+12
  56 0018 1A60     		str	r2, [r3]
 211:.\Generated_Source\PSoC4/I2C_I2C.c ****         I2C_RX_FIFO_CTRL_REG = I2C_I2C_DEFAULT_RX_FIFO_CTRL;
  57              		.loc 1 211 0
  58 001a 1B4B     		ldr	r3, .L2+16
  59 001c 1B4A     		ldr	r2, .L2+20
  60 001e 1360     		str	r3, [r2]
 212:.\Generated_Source\PSoC4/I2C_I2C.c **** 
  61              		.loc 1 212 0
  62 0020 1B4A     		ldr	r2, .L2+24
  63 0022 1460     		str	r4, [r2]
 215:.\Generated_Source\PSoC4/I2C_I2C.c **** 
  64              		.loc 1 215 0
  65 0024 1B4A     		ldr	r2, .L2+28
  66 0026 1460     		str	r4, [r2]
 218:.\Generated_Source\PSoC4/I2C_I2C.c ****         I2C_TX_FIFO_CTRL_REG = I2C_I2C_DEFAULT_TX_FIFO_CTRL;
  67              		.loc 1 218 0
  68 0028 1B4A     		ldr	r2, .L2+32
  69 002a 1360     		str	r3, [r2]
 219:.\Generated_Source\PSoC4/I2C_I2C.c **** 
  70              		.loc 1 219 0
  71 002c 1B4B     		ldr	r3, .L2+36
  72 002e 1C60     		str	r4, [r3]
 222:.\Generated_Source\PSoC4/I2C_I2C.c ****         CyIntSetPriority(I2C_ISR_NUMBER, I2C_ISR_PRIORITY);
ARM GAS  C:\Users\Vit\AppData\Local\Temp\ccPqNq4U.s 			page 7


  73              		.loc 1 222 0
  74 0030 FFF7FEFF 		bl	CyIntDisable
  75              	.LVL0:
 223:.\Generated_Source\PSoC4/I2C_I2C.c ****     #if(!I2C_I2C_EXTERN_INTR_HANDLER)
  76              		.loc 1 223 0
  77 0034 0B20     		mov	r0, #11
  78 0036 0321     		mov	r1, #3
  79 0038 FFF7FEFF 		bl	CyIntSetPriority
  80              	.LVL1:
 225:.\Generated_Source\PSoC4/I2C_I2C.c ****     #endif /* (I2C_I2C_EXTERN_INTR_HANDLER) */
  81              		.loc 1 225 0
  82 003c 1849     		ldr	r1, .L2+40
  83 003e 0B20     		mov	r0, #11
  84 0040 FFF7FEFF 		bl	CyIntSetVector
  85              	.LVL2:
 235:.\Generated_Source\PSoC4/I2C_I2C.c ****         I2C_INTR_RX_MASK_REG     = I2C_I2C_DEFAULT_INTR_RX_MASK;
  86              		.loc 1 235 0
  87 0044 1422     		mov	r2, #20
 230:.\Generated_Source\PSoC4/I2C_I2C.c ****     #endif /* (!I2C_CY_SCBIP_V1) */
  88              		.loc 1 230 0
  89 0046 174B     		ldr	r3, .L2+44
 235:.\Generated_Source\PSoC4/I2C_I2C.c ****         I2C_INTR_RX_MASK_REG     = I2C_I2C_DEFAULT_INTR_RX_MASK;
  90              		.loc 1 235 0
  91 0048 FF32     		add	r2, r2, #255
 230:.\Generated_Source\PSoC4/I2C_I2C.c ****     #endif /* (!I2C_CY_SCBIP_V1) */
  92              		.loc 1 230 0
  93 004a 1C60     		str	r4, [r3]
 233:.\Generated_Source\PSoC4/I2C_I2C.c ****         I2C_INTR_SLAVE_MASK_REG  = I2C_I2C_DEFAULT_INTR_SLAVE_MASK;
  94              		.loc 1 233 0
  95 004c 164B     		ldr	r3, .L2+48
  96 004e 1C60     		str	r4, [r3]
 234:.\Generated_Source\PSoC4/I2C_I2C.c ****         I2C_INTR_MASTER_MASK_REG = I2C_I2C_DEFAULT_INTR_MASTER_MASK;
  97              		.loc 1 234 0
  98 0050 164B     		ldr	r3, .L2+52
  99 0052 1C60     		str	r4, [r3]
 235:.\Generated_Source\PSoC4/I2C_I2C.c ****         I2C_INTR_RX_MASK_REG     = I2C_I2C_DEFAULT_INTR_RX_MASK;
 100              		.loc 1 235 0
 101 0054 164B     		ldr	r3, .L2+56
 102 0056 1A60     		str	r2, [r3]
 236:.\Generated_Source\PSoC4/I2C_I2C.c ****         I2C_INTR_TX_MASK_REG     = I2C_I2C_DEFAULT_INTR_TX_MASK;
 103              		.loc 1 236 0
 104 0058 164B     		ldr	r3, .L2+60
 240:.\Generated_Source\PSoC4/I2C_I2C.c **** 
 105              		.loc 1 240 0
 106 005a 043A     		sub	r2, r2, #4
 236:.\Generated_Source\PSoC4/I2C_I2C.c ****         I2C_INTR_TX_MASK_REG     = I2C_I2C_DEFAULT_INTR_TX_MASK;
 107              		.loc 1 236 0
 108 005c 1C60     		str	r4, [r3]
 237:.\Generated_Source\PSoC4/I2C_I2C.c **** 
 109              		.loc 1 237 0
 110 005e 164B     		ldr	r3, .L2+64
 240:.\Generated_Source\PSoC4/I2C_I2C.c **** 
 111              		.loc 1 240 0
 112 0060 FF3A     		sub	r2, r2, #255
 237:.\Generated_Source\PSoC4/I2C_I2C.c **** 
 113              		.loc 1 237 0
 114 0062 1C60     		str	r4, [r3]
ARM GAS  C:\Users\Vit\AppData\Local\Temp\ccPqNq4U.s 			page 8


 240:.\Generated_Source\PSoC4/I2C_I2C.c **** 
 115              		.loc 1 240 0
 116 0064 154B     		ldr	r3, .L2+68
 117 0066 1A70     		strb	r2, [r3]
 252:.\Generated_Source\PSoC4/I2C_I2C.c ****         I2C_mstrRdBufIndex = 0u;
 118              		.loc 1 252 0
 119 0068 154B     		ldr	r3, .L2+72
 120 006a 1C80     		strh	r4, [r3]
 253:.\Generated_Source\PSoC4/I2C_I2C.c ****         I2C_mstrWrBufIndex = 0u;
 121              		.loc 1 253 0
 122 006c 154B     		ldr	r3, .L2+76
 123 006e 1C60     		str	r4, [r3]
 254:.\Generated_Source\PSoC4/I2C_I2C.c ****     #endif /* (I2C_I2C_MASTER) */
 124              		.loc 1 254 0
 125 0070 154B     		ldr	r3, .L2+80
 126 0072 1C60     		str	r4, [r3]
 127              		.loc 1 256 0
 128 0074 10BD     		pop	{r4, pc}
 129              	.L3:
 130 0076 C046     		.align	2
 131              	.L2:
 132 0078 70000740 		.word	1074200688
 133 007c 00000740 		.word	1074200576
 134 0080 77080080 		.word	-2147481481
 135 0084 60000740 		.word	1074200672
 136 0088 07010080 		.word	-2147483385
 137 008c 00030740 		.word	1074201344
 138 0090 04030740 		.word	1074201348
 139 0094 10030740 		.word	1074201360
 140 0098 00020740 		.word	1074201088
 141 009c 04020740 		.word	1074201092
 142 00a0 00000000 		.word	I2C_I2C_ISR
 143 00a4 C80E0740 		.word	1074204360
 144 00a8 880E0740 		.word	1074204296
 145 00ac 480F0740 		.word	1074204488
 146 00b0 080F0740 		.word	1074204424
 147 00b4 C80F0740 		.word	1074204616
 148 00b8 880F0740 		.word	1074204552
 149 00bc 00000000 		.word	I2C_state
 150 00c0 00000000 		.word	I2C_mstrStatus
 151 00c4 00000000 		.word	I2C_mstrRdBufIndex
 152 00c8 00000000 		.word	I2C_mstrWrBufIndex
 153              		.cfi_endproc
 154              	.LFE0:
 155              		.size	I2C_I2CInit, .-I2C_I2CInit
 156              		.section	.text.I2C_I2CStop,"ax",%progbits
 157              		.align	1
 158              		.global	I2C_I2CStop
 159              		.code	16
 160              		.thumb_func
 161              		.type	I2C_I2CStop, %function
 162              	I2C_I2CStop:
 163              	.LFB1:
 257:.\Generated_Source\PSoC4/I2C_I2C.c **** #endif /* (I2C_SCB_MODE_UNCONFIG_CONST_CFG) */
 258:.\Generated_Source\PSoC4/I2C_I2C.c **** 
 259:.\Generated_Source\PSoC4/I2C_I2C.c **** 
 260:.\Generated_Source\PSoC4/I2C_I2C.c **** /*******************************************************************************
ARM GAS  C:\Users\Vit\AppData\Local\Temp\ccPqNq4U.s 			page 9


 261:.\Generated_Source\PSoC4/I2C_I2C.c **** * Function Name: I2C_I2CStop
 262:.\Generated_Source\PSoC4/I2C_I2C.c **** ********************************************************************************
 263:.\Generated_Source\PSoC4/I2C_I2C.c **** *
 264:.\Generated_Source\PSoC4/I2C_I2C.c **** * Summary:
 265:.\Generated_Source\PSoC4/I2C_I2C.c **** *  Resets the I2C FSM into the default state.
 266:.\Generated_Source\PSoC4/I2C_I2C.c **** *
 267:.\Generated_Source\PSoC4/I2C_I2C.c **** * Parameters:
 268:.\Generated_Source\PSoC4/I2C_I2C.c **** *  None
 269:.\Generated_Source\PSoC4/I2C_I2C.c **** *
 270:.\Generated_Source\PSoC4/I2C_I2C.c **** * Return:
 271:.\Generated_Source\PSoC4/I2C_I2C.c **** *  None
 272:.\Generated_Source\PSoC4/I2C_I2C.c **** *
 273:.\Generated_Source\PSoC4/I2C_I2C.c **** *******************************************************************************/
 274:.\Generated_Source\PSoC4/I2C_I2C.c **** void I2C_I2CStop(void)
 275:.\Generated_Source\PSoC4/I2C_I2C.c **** {
 164              		.loc 1 275 0
 165              		.cfi_startproc
 276:.\Generated_Source\PSoC4/I2C_I2C.c ****     I2C_state = I2C_I2C_FSM_IDLE;
 166              		.loc 1 276 0
 167 0000 1022     		mov	r2, #16
 168 0002 014B     		ldr	r3, .L5
 277:.\Generated_Source\PSoC4/I2C_I2C.c **** }
 169              		.loc 1 277 0
 170              		@ sp needed
 276:.\Generated_Source\PSoC4/I2C_I2C.c ****     I2C_state = I2C_I2C_FSM_IDLE;
 171              		.loc 1 276 0
 172 0004 1A70     		strb	r2, [r3]
 173              		.loc 1 277 0
 174 0006 7047     		bx	lr
 175              	.L6:
 176              		.align	2
 177              	.L5:
 178 0008 00000000 		.word	I2C_state
 179              		.cfi_endproc
 180              	.LFE1:
 181              		.size	I2C_I2CStop, .-I2C_I2CStop
 182              		.comm	I2C_state,1,1
 183              		.text
 184              	.Letext0:
 185              		.file 2 "Generated_Source\\PSoC4/cytypes.h"
 186              		.file 3 ".\\Generated_Source\\PSoC4\\I2C_I2C_PVT.h"
 187              		.file 4 "Generated_Source\\PSoC4/CyLib.h"
 188              		.section	.debug_info,"",%progbits
 189              	.Ldebug_info0:
 190 0000 A4010000 		.4byte	0x1a4
 191 0004 0400     		.2byte	0x4
 192 0006 00000000 		.4byte	.Ldebug_abbrev0
 193 000a 04       		.byte	0x4
 194 000b 01       		.uleb128 0x1
 195 000c 06000000 		.4byte	.LASF25
 196 0010 01       		.byte	0x1
 197 0011 18020000 		.4byte	.LASF26
 198 0015 E9000000 		.4byte	.LASF27
 199 0019 00000000 		.4byte	.Ldebug_ranges0+0
 200 001d 00000000 		.4byte	0
 201 0021 00000000 		.4byte	.Ldebug_line0
 202 0025 02       		.uleb128 0x2
ARM GAS  C:\Users\Vit\AppData\Local\Temp\ccPqNq4U.s 			page 10


 203 0026 01       		.byte	0x1
 204 0027 06       		.byte	0x6
 205 0028 CF000000 		.4byte	.LASF0
 206 002c 02       		.uleb128 0x2
 207 002d 01       		.byte	0x1
 208 002e 08       		.byte	0x8
 209 002f DB000000 		.4byte	.LASF1
 210 0033 02       		.uleb128 0x2
 211 0034 02       		.byte	0x2
 212 0035 05       		.byte	0x5
 213 0036 54010000 		.4byte	.LASF2
 214 003a 02       		.uleb128 0x2
 215 003b 02       		.byte	0x2
 216 003c 07       		.byte	0x7
 217 003d A3000000 		.4byte	.LASF3
 218 0041 02       		.uleb128 0x2
 219 0042 04       		.byte	0x4
 220 0043 05       		.byte	0x5
 221 0044 F2010000 		.4byte	.LASF4
 222 0048 02       		.uleb128 0x2
 223 0049 04       		.byte	0x4
 224 004a 07       		.byte	0x7
 225 004b 29010000 		.4byte	.LASF5
 226 004f 02       		.uleb128 0x2
 227 0050 08       		.byte	0x8
 228 0051 05       		.byte	0x5
 229 0052 B7010000 		.4byte	.LASF6
 230 0056 02       		.uleb128 0x2
 231 0057 08       		.byte	0x8
 232 0058 07       		.byte	0x7
 233 0059 79010000 		.4byte	.LASF7
 234 005d 03       		.uleb128 0x3
 235 005e 04       		.byte	0x4
 236 005f 05       		.byte	0x5
 237 0060 696E7400 		.ascii	"int\000"
 238 0064 02       		.uleb128 0x2
 239 0065 04       		.byte	0x4
 240 0066 07       		.byte	0x7
 241 0067 6C010000 		.4byte	.LASF8
 242 006b 04       		.uleb128 0x4
 243 006c 3B010000 		.4byte	.LASF9
 244 0070 02       		.byte	0x2
 245 0071 C2       		.byte	0xc2
 246 0072 2C000000 		.4byte	0x2c
 247 0076 04       		.uleb128 0x4
 248 0077 5E010000 		.4byte	.LASF10
 249 007b 02       		.byte	0x2
 250 007c C3       		.byte	0xc3
 251 007d 3A000000 		.4byte	0x3a
 252 0081 04       		.uleb128 0x4
 253 0082 65010000 		.4byte	.LASF11
 254 0086 02       		.byte	0x2
 255 0087 C4       		.byte	0xc4
 256 0088 48000000 		.4byte	0x48
 257 008c 02       		.uleb128 0x2
 258 008d 04       		.byte	0x4
 259 008e 04       		.byte	0x4
ARM GAS  C:\Users\Vit\AppData\Local\Temp\ccPqNq4U.s 			page 11


 260 008f C9000000 		.4byte	.LASF12
 261 0093 02       		.uleb128 0x2
 262 0094 08       		.byte	0x8
 263 0095 04       		.byte	0x4
 264 0096 41010000 		.4byte	.LASF13
 265 009a 02       		.uleb128 0x2
 266 009b 01       		.byte	0x1
 267 009c 08       		.byte	0x8
 268 009d C5010000 		.4byte	.LASF14
 269 00a1 05       		.uleb128 0x5
 270 00a2 6B000000 		.4byte	0x6b
 271 00a6 05       		.uleb128 0x5
 272 00a7 76000000 		.4byte	0x76
 273 00ab 06       		.uleb128 0x6
 274 00ac 00000000 		.4byte	.LASF15
 275 00b0 02       		.byte	0x2
 276 00b1 6E01     		.2byte	0x16e
 277 00b3 B7000000 		.4byte	0xb7
 278 00b7 05       		.uleb128 0x5
 279 00b8 81000000 		.4byte	0x81
 280 00bc 06       		.uleb128 0x6
 281 00bd A1010000 		.4byte	.LASF16
 282 00c1 02       		.byte	0x2
 283 00c2 7E01     		.2byte	0x17e
 284 00c4 C8000000 		.4byte	0xc8
 285 00c8 07       		.uleb128 0x7
 286 00c9 04       		.byte	0x4
 287 00ca CE000000 		.4byte	0xce
 288 00ce 08       		.uleb128 0x8
 289 00cf 02       		.uleb128 0x2
 290 00d0 04       		.byte	0x4
 291 00d1 07       		.byte	0x7
 292 00d2 AE010000 		.4byte	.LASF17
 293 00d6 09       		.uleb128 0x9
 294 00d7 48010000 		.4byte	.LASF28
 295 00db 01       		.byte	0x1
 296 00dc C4       		.byte	0xc4
 297 00dd 00000000 		.4byte	.LFB0
 298 00e1 CC000000 		.4byte	.LFE0-.LFB0
 299 00e5 01       		.uleb128 0x1
 300 00e6 9C       		.byte	0x9c
 301 00e7 26010000 		.4byte	0x126
 302 00eb 0A       		.uleb128 0xa
 303 00ec 34000000 		.4byte	.LVL0
 304 00f0 6A010000 		.4byte	0x16a
 305 00f4 FE000000 		.4byte	0xfe
 306 00f8 0B       		.uleb128 0xb
 307 00f9 01       		.uleb128 0x1
 308 00fa 50       		.byte	0x50
 309 00fb 01       		.uleb128 0x1
 310 00fc 3B       		.byte	0x3b
 311 00fd 00       		.byte	0
 312 00fe 0A       		.uleb128 0xa
 313 00ff 3C000000 		.4byte	.LVL1
 314 0103 7B010000 		.4byte	0x17b
 315 0107 16010000 		.4byte	0x116
 316 010b 0B       		.uleb128 0xb
ARM GAS  C:\Users\Vit\AppData\Local\Temp\ccPqNq4U.s 			page 12


 317 010c 01       		.uleb128 0x1
 318 010d 51       		.byte	0x51
 319 010e 01       		.uleb128 0x1
 320 010f 33       		.byte	0x33
 321 0110 0B       		.uleb128 0xb
 322 0111 01       		.uleb128 0x1
 323 0112 50       		.byte	0x50
 324 0113 01       		.uleb128 0x1
 325 0114 3B       		.byte	0x3b
 326 0115 00       		.byte	0
 327 0116 0C       		.uleb128 0xc
 328 0117 44000000 		.4byte	.LVL2
 329 011b 91010000 		.4byte	0x191
 330 011f 0B       		.uleb128 0xb
 331 0120 01       		.uleb128 0x1
 332 0121 50       		.byte	0x50
 333 0122 01       		.uleb128 0x1
 334 0123 3B       		.byte	0x3b
 335 0124 00       		.byte	0
 336 0125 00       		.byte	0
 337 0126 0D       		.uleb128 0xd
 338 0127 D7010000 		.4byte	.LASF29
 339 012b 01       		.byte	0x1
 340 012c 1201     		.2byte	0x112
 341 012e 00000000 		.4byte	.LFB1
 342 0132 0C000000 		.4byte	.LFE1-.LFB1
 343 0136 01       		.uleb128 0x1
 344 0137 9C       		.byte	0x9c
 345 0138 0E       		.uleb128 0xe
 346 0139 FB010000 		.4byte	.LASF18
 347 013d 01       		.byte	0x1
 348 013e 1A       		.byte	0x1a
 349 013f A1000000 		.4byte	0xa1
 350 0143 05       		.uleb128 0x5
 351 0144 03       		.byte	0x3
 352 0145 00000000 		.4byte	I2C_state
 353 0149 0F       		.uleb128 0xf
 354 014a E3010000 		.4byte	.LASF19
 355 014e 03       		.byte	0x3
 356 014f 30       		.byte	0x30
 357 0150 A6000000 		.4byte	0xa6
 358 0154 0F       		.uleb128 0xf
 359 0155 B6000000 		.4byte	.LASF20
 360 0159 03       		.byte	0x3
 361 015a 36       		.byte	0x36
 362 015b B7000000 		.4byte	0xb7
 363 015f 0F       		.uleb128 0xf
 364 0160 05020000 		.4byte	.LASF21
 365 0164 03       		.byte	0x3
 366 0165 3B       		.byte	0x3b
 367 0166 B7000000 		.4byte	0xb7
 368 016a 10       		.uleb128 0x10
 369 016b CA010000 		.4byte	.LASF22
 370 016f 04       		.byte	0x4
 371 0170 4E       		.byte	0x4e
 372 0171 7B010000 		.4byte	0x17b
 373 0175 11       		.uleb128 0x11
ARM GAS  C:\Users\Vit\AppData\Local\Temp\ccPqNq4U.s 			page 13


 374 0176 6B000000 		.4byte	0x6b
 375 017a 00       		.byte	0
 376 017b 10       		.uleb128 0x10
 377 017c 90010000 		.4byte	.LASF23
 378 0180 04       		.byte	0x4
 379 0181 49       		.byte	0x49
 380 0182 91010000 		.4byte	0x191
 381 0186 11       		.uleb128 0x11
 382 0187 6B000000 		.4byte	0x6b
 383 018b 11       		.uleb128 0x11
 384 018c 6B000000 		.4byte	0x6b
 385 0190 00       		.byte	0
 386 0191 12       		.uleb128 0x12
 387 0192 94000000 		.4byte	.LASF24
 388 0196 04       		.byte	0x4
 389 0197 46       		.byte	0x46
 390 0198 BC000000 		.4byte	0xbc
 391 019c 11       		.uleb128 0x11
 392 019d 6B000000 		.4byte	0x6b
 393 01a1 11       		.uleb128 0x11
 394 01a2 BC000000 		.4byte	0xbc
 395 01a6 00       		.byte	0
 396 01a7 00       		.byte	0
 397              		.section	.debug_abbrev,"",%progbits
 398              	.Ldebug_abbrev0:
 399 0000 01       		.uleb128 0x1
 400 0001 11       		.uleb128 0x11
 401 0002 01       		.byte	0x1
 402 0003 25       		.uleb128 0x25
 403 0004 0E       		.uleb128 0xe
 404 0005 13       		.uleb128 0x13
 405 0006 0B       		.uleb128 0xb
 406 0007 03       		.uleb128 0x3
 407 0008 0E       		.uleb128 0xe
 408 0009 1B       		.uleb128 0x1b
 409 000a 0E       		.uleb128 0xe
 410 000b 55       		.uleb128 0x55
 411 000c 17       		.uleb128 0x17
 412 000d 11       		.uleb128 0x11
 413 000e 01       		.uleb128 0x1
 414 000f 10       		.uleb128 0x10
 415 0010 17       		.uleb128 0x17
 416 0011 00       		.byte	0
 417 0012 00       		.byte	0
 418 0013 02       		.uleb128 0x2
 419 0014 24       		.uleb128 0x24
 420 0015 00       		.byte	0
 421 0016 0B       		.uleb128 0xb
 422 0017 0B       		.uleb128 0xb
 423 0018 3E       		.uleb128 0x3e
 424 0019 0B       		.uleb128 0xb
 425 001a 03       		.uleb128 0x3
 426 001b 0E       		.uleb128 0xe
 427 001c 00       		.byte	0
 428 001d 00       		.byte	0
 429 001e 03       		.uleb128 0x3
 430 001f 24       		.uleb128 0x24
ARM GAS  C:\Users\Vit\AppData\Local\Temp\ccPqNq4U.s 			page 14


 431 0020 00       		.byte	0
 432 0021 0B       		.uleb128 0xb
 433 0022 0B       		.uleb128 0xb
 434 0023 3E       		.uleb128 0x3e
 435 0024 0B       		.uleb128 0xb
 436 0025 03       		.uleb128 0x3
 437 0026 08       		.uleb128 0x8
 438 0027 00       		.byte	0
 439 0028 00       		.byte	0
 440 0029 04       		.uleb128 0x4
 441 002a 16       		.uleb128 0x16
 442 002b 00       		.byte	0
 443 002c 03       		.uleb128 0x3
 444 002d 0E       		.uleb128 0xe
 445 002e 3A       		.uleb128 0x3a
 446 002f 0B       		.uleb128 0xb
 447 0030 3B       		.uleb128 0x3b
 448 0031 0B       		.uleb128 0xb
 449 0032 49       		.uleb128 0x49
 450 0033 13       		.uleb128 0x13
 451 0034 00       		.byte	0
 452 0035 00       		.byte	0
 453 0036 05       		.uleb128 0x5
 454 0037 35       		.uleb128 0x35
 455 0038 00       		.byte	0
 456 0039 49       		.uleb128 0x49
 457 003a 13       		.uleb128 0x13
 458 003b 00       		.byte	0
 459 003c 00       		.byte	0
 460 003d 06       		.uleb128 0x6
 461 003e 16       		.uleb128 0x16
 462 003f 00       		.byte	0
 463 0040 03       		.uleb128 0x3
 464 0041 0E       		.uleb128 0xe
 465 0042 3A       		.uleb128 0x3a
 466 0043 0B       		.uleb128 0xb
 467 0044 3B       		.uleb128 0x3b
 468 0045 05       		.uleb128 0x5
 469 0046 49       		.uleb128 0x49
 470 0047 13       		.uleb128 0x13
 471 0048 00       		.byte	0
 472 0049 00       		.byte	0
 473 004a 07       		.uleb128 0x7
 474 004b 0F       		.uleb128 0xf
 475 004c 00       		.byte	0
 476 004d 0B       		.uleb128 0xb
 477 004e 0B       		.uleb128 0xb
 478 004f 49       		.uleb128 0x49
 479 0050 13       		.uleb128 0x13
 480 0051 00       		.byte	0
 481 0052 00       		.byte	0
 482 0053 08       		.uleb128 0x8
 483 0054 15       		.uleb128 0x15
 484 0055 00       		.byte	0
 485 0056 27       		.uleb128 0x27
 486 0057 19       		.uleb128 0x19
 487 0058 00       		.byte	0
ARM GAS  C:\Users\Vit\AppData\Local\Temp\ccPqNq4U.s 			page 15


 488 0059 00       		.byte	0
 489 005a 09       		.uleb128 0x9
 490 005b 2E       		.uleb128 0x2e
 491 005c 01       		.byte	0x1
 492 005d 3F       		.uleb128 0x3f
 493 005e 19       		.uleb128 0x19
 494 005f 03       		.uleb128 0x3
 495 0060 0E       		.uleb128 0xe
 496 0061 3A       		.uleb128 0x3a
 497 0062 0B       		.uleb128 0xb
 498 0063 3B       		.uleb128 0x3b
 499 0064 0B       		.uleb128 0xb
 500 0065 27       		.uleb128 0x27
 501 0066 19       		.uleb128 0x19
 502 0067 11       		.uleb128 0x11
 503 0068 01       		.uleb128 0x1
 504 0069 12       		.uleb128 0x12
 505 006a 06       		.uleb128 0x6
 506 006b 40       		.uleb128 0x40
 507 006c 18       		.uleb128 0x18
 508 006d 9742     		.uleb128 0x2117
 509 006f 19       		.uleb128 0x19
 510 0070 01       		.uleb128 0x1
 511 0071 13       		.uleb128 0x13
 512 0072 00       		.byte	0
 513 0073 00       		.byte	0
 514 0074 0A       		.uleb128 0xa
 515 0075 898201   		.uleb128 0x4109
 516 0078 01       		.byte	0x1
 517 0079 11       		.uleb128 0x11
 518 007a 01       		.uleb128 0x1
 519 007b 31       		.uleb128 0x31
 520 007c 13       		.uleb128 0x13
 521 007d 01       		.uleb128 0x1
 522 007e 13       		.uleb128 0x13
 523 007f 00       		.byte	0
 524 0080 00       		.byte	0
 525 0081 0B       		.uleb128 0xb
 526 0082 8A8201   		.uleb128 0x410a
 527 0085 00       		.byte	0
 528 0086 02       		.uleb128 0x2
 529 0087 18       		.uleb128 0x18
 530 0088 9142     		.uleb128 0x2111
 531 008a 18       		.uleb128 0x18
 532 008b 00       		.byte	0
 533 008c 00       		.byte	0
 534 008d 0C       		.uleb128 0xc
 535 008e 898201   		.uleb128 0x4109
 536 0091 01       		.byte	0x1
 537 0092 11       		.uleb128 0x11
 538 0093 01       		.uleb128 0x1
 539 0094 31       		.uleb128 0x31
 540 0095 13       		.uleb128 0x13
 541 0096 00       		.byte	0
 542 0097 00       		.byte	0
 543 0098 0D       		.uleb128 0xd
 544 0099 2E       		.uleb128 0x2e
ARM GAS  C:\Users\Vit\AppData\Local\Temp\ccPqNq4U.s 			page 16


 545 009a 00       		.byte	0
 546 009b 3F       		.uleb128 0x3f
 547 009c 19       		.uleb128 0x19
 548 009d 03       		.uleb128 0x3
 549 009e 0E       		.uleb128 0xe
 550 009f 3A       		.uleb128 0x3a
 551 00a0 0B       		.uleb128 0xb
 552 00a1 3B       		.uleb128 0x3b
 553 00a2 05       		.uleb128 0x5
 554 00a3 27       		.uleb128 0x27
 555 00a4 19       		.uleb128 0x19
 556 00a5 11       		.uleb128 0x11
 557 00a6 01       		.uleb128 0x1
 558 00a7 12       		.uleb128 0x12
 559 00a8 06       		.uleb128 0x6
 560 00a9 40       		.uleb128 0x40
 561 00aa 18       		.uleb128 0x18
 562 00ab 9742     		.uleb128 0x2117
 563 00ad 19       		.uleb128 0x19
 564 00ae 00       		.byte	0
 565 00af 00       		.byte	0
 566 00b0 0E       		.uleb128 0xe
 567 00b1 34       		.uleb128 0x34
 568 00b2 00       		.byte	0
 569 00b3 03       		.uleb128 0x3
 570 00b4 0E       		.uleb128 0xe
 571 00b5 3A       		.uleb128 0x3a
 572 00b6 0B       		.uleb128 0xb
 573 00b7 3B       		.uleb128 0x3b
 574 00b8 0B       		.uleb128 0xb
 575 00b9 49       		.uleb128 0x49
 576 00ba 13       		.uleb128 0x13
 577 00bb 3F       		.uleb128 0x3f
 578 00bc 19       		.uleb128 0x19
 579 00bd 02       		.uleb128 0x2
 580 00be 18       		.uleb128 0x18
 581 00bf 00       		.byte	0
 582 00c0 00       		.byte	0
 583 00c1 0F       		.uleb128 0xf
 584 00c2 34       		.uleb128 0x34
 585 00c3 00       		.byte	0
 586 00c4 03       		.uleb128 0x3
 587 00c5 0E       		.uleb128 0xe
 588 00c6 3A       		.uleb128 0x3a
 589 00c7 0B       		.uleb128 0xb
 590 00c8 3B       		.uleb128 0x3b
 591 00c9 0B       		.uleb128 0xb
 592 00ca 49       		.uleb128 0x49
 593 00cb 13       		.uleb128 0x13
 594 00cc 3F       		.uleb128 0x3f
 595 00cd 19       		.uleb128 0x19
 596 00ce 3C       		.uleb128 0x3c
 597 00cf 19       		.uleb128 0x19
 598 00d0 00       		.byte	0
 599 00d1 00       		.byte	0
 600 00d2 10       		.uleb128 0x10
 601 00d3 2E       		.uleb128 0x2e
ARM GAS  C:\Users\Vit\AppData\Local\Temp\ccPqNq4U.s 			page 17


 602 00d4 01       		.byte	0x1
 603 00d5 3F       		.uleb128 0x3f
 604 00d6 19       		.uleb128 0x19
 605 00d7 03       		.uleb128 0x3
 606 00d8 0E       		.uleb128 0xe
 607 00d9 3A       		.uleb128 0x3a
 608 00da 0B       		.uleb128 0xb
 609 00db 3B       		.uleb128 0x3b
 610 00dc 0B       		.uleb128 0xb
 611 00dd 27       		.uleb128 0x27
 612 00de 19       		.uleb128 0x19
 613 00df 3C       		.uleb128 0x3c
 614 00e0 19       		.uleb128 0x19
 615 00e1 01       		.uleb128 0x1
 616 00e2 13       		.uleb128 0x13
 617 00e3 00       		.byte	0
 618 00e4 00       		.byte	0
 619 00e5 11       		.uleb128 0x11
 620 00e6 05       		.uleb128 0x5
 621 00e7 00       		.byte	0
 622 00e8 49       		.uleb128 0x49
 623 00e9 13       		.uleb128 0x13
 624 00ea 00       		.byte	0
 625 00eb 00       		.byte	0
 626 00ec 12       		.uleb128 0x12
 627 00ed 2E       		.uleb128 0x2e
 628 00ee 01       		.byte	0x1
 629 00ef 3F       		.uleb128 0x3f
 630 00f0 19       		.uleb128 0x19
 631 00f1 03       		.uleb128 0x3
 632 00f2 0E       		.uleb128 0xe
 633 00f3 3A       		.uleb128 0x3a
 634 00f4 0B       		.uleb128 0xb
 635 00f5 3B       		.uleb128 0x3b
 636 00f6 0B       		.uleb128 0xb
 637 00f7 27       		.uleb128 0x27
 638 00f8 19       		.uleb128 0x19
 639 00f9 49       		.uleb128 0x49
 640 00fa 13       		.uleb128 0x13
 641 00fb 3C       		.uleb128 0x3c
 642 00fc 19       		.uleb128 0x19
 643 00fd 00       		.byte	0
 644 00fe 00       		.byte	0
 645 00ff 00       		.byte	0
 646              		.section	.debug_aranges,"",%progbits
 647 0000 24000000 		.4byte	0x24
 648 0004 0200     		.2byte	0x2
 649 0006 00000000 		.4byte	.Ldebug_info0
 650 000a 04       		.byte	0x4
 651 000b 00       		.byte	0
 652 000c 0000     		.2byte	0
 653 000e 0000     		.2byte	0
 654 0010 00000000 		.4byte	.LFB0
 655 0014 CC000000 		.4byte	.LFE0-.LFB0
 656 0018 00000000 		.4byte	.LFB1
 657 001c 0C000000 		.4byte	.LFE1-.LFB1
 658 0020 00000000 		.4byte	0
ARM GAS  C:\Users\Vit\AppData\Local\Temp\ccPqNq4U.s 			page 18


 659 0024 00000000 		.4byte	0
 660              		.section	.debug_ranges,"",%progbits
 661              	.Ldebug_ranges0:
 662 0000 00000000 		.4byte	.LFB0
 663 0004 CC000000 		.4byte	.LFE0
 664 0008 00000000 		.4byte	.LFB1
 665 000c 0C000000 		.4byte	.LFE1
 666 0010 00000000 		.4byte	0
 667 0014 00000000 		.4byte	0
 668              		.section	.debug_line,"",%progbits
 669              	.Ldebug_line0:
 670 0000 D9000000 		.section	.debug_str,"MS",%progbits,1
 670      02007900 
 670      00000201 
 670      FB0E0D00 
 670      01010101 
 671              	.LASF15:
 672 0000 72656733 		.ascii	"reg32\000"
 672      3200
 673              	.LASF25:
 674 0006 474E5520 		.ascii	"GNU C 4.9.3 20150303 (release) [ARM/embedded-4_9-br"
 674      4320342E 
 674      392E3320 
 674      32303135 
 674      30333033 
 675 0039 616E6368 		.ascii	"anch revision 221220] -mcpu=cortex-m0 -mthumb -g -O"
 675      20726576 
 675      6973696F 
 675      6E203232 
 675      31323230 
 676 006c 73202D66 		.ascii	"s -ffunction-sections -ffat-lto-objects\000"
 676      66756E63 
 676      74696F6E 
 676      2D736563 
 676      74696F6E 
 677              	.LASF24:
 678 0094 4379496E 		.ascii	"CyIntSetVector\000"
 678      74536574 
 678      56656374 
 678      6F7200
 679              	.LASF3:
 680 00a3 73686F72 		.ascii	"short unsigned int\000"
 680      7420756E 
 680      7369676E 
 680      65642069 
 680      6E7400
 681              	.LASF20:
 682 00b6 4932435F 		.ascii	"I2C_mstrRdBufIndex\000"
 682      6D737472 
 682      52644275 
 682      66496E64 
 682      657800
 683              	.LASF12:
 684 00c9 666C6F61 		.ascii	"float\000"
 684      7400
 685              	.LASF0:
 686 00cf 7369676E 		.ascii	"signed char\000"
ARM GAS  C:\Users\Vit\AppData\Local\Temp\ccPqNq4U.s 			page 19


 686      65642063 
 686      68617200 
 687              	.LASF1:
 688 00db 756E7369 		.ascii	"unsigned char\000"
 688      676E6564 
 688      20636861 
 688      7200
 689              	.LASF27:
 690 00e9 433A5C55 		.ascii	"C:\\Users\\Vit\\Documents\\PSoC Creator\\SensorTest"
 690      73657273 
 690      5C566974 
 690      5C446F63 
 690      756D656E 
 691 0117 5C53656E 		.ascii	"\\SensorTest.cydsn\000"
 691      736F7254 
 691      6573742E 
 691      63796473 
 691      6E00
 692              	.LASF5:
 693 0129 6C6F6E67 		.ascii	"long unsigned int\000"
 693      20756E73 
 693      69676E65 
 693      6420696E 
 693      7400
 694              	.LASF9:
 695 013b 75696E74 		.ascii	"uint8\000"
 695      3800
 696              	.LASF13:
 697 0141 646F7562 		.ascii	"double\000"
 697      6C6500
 698              	.LASF28:
 699 0148 4932435F 		.ascii	"I2C_I2CInit\000"
 699      49324349 
 699      6E697400 
 700              	.LASF2:
 701 0154 73686F72 		.ascii	"short int\000"
 701      7420696E 
 701      7400
 702              	.LASF10:
 703 015e 75696E74 		.ascii	"uint16\000"
 703      313600
 704              	.LASF11:
 705 0165 75696E74 		.ascii	"uint32\000"
 705      333200
 706              	.LASF8:
 707 016c 756E7369 		.ascii	"unsigned int\000"
 707      676E6564 
 707      20696E74 
 707      00
 708              	.LASF7:
 709 0179 6C6F6E67 		.ascii	"long long unsigned int\000"
 709      206C6F6E 
 709      6720756E 
 709      7369676E 
 709      65642069 
 710              	.LASF23:
 711 0190 4379496E 		.ascii	"CyIntSetPriority\000"
ARM GAS  C:\Users\Vit\AppData\Local\Temp\ccPqNq4U.s 			page 20


 711      74536574 
 711      5072696F 
 711      72697479 
 711      00
 712              	.LASF16:
 713 01a1 63796973 		.ascii	"cyisraddress\000"
 713      72616464 
 713      72657373 
 713      00
 714              	.LASF17:
 715 01ae 73697A65 		.ascii	"sizetype\000"
 715      74797065 
 715      00
 716              	.LASF6:
 717 01b7 6C6F6E67 		.ascii	"long long int\000"
 717      206C6F6E 
 717      6720696E 
 717      7400
 718              	.LASF14:
 719 01c5 63686172 		.ascii	"char\000"
 719      00
 720              	.LASF22:
 721 01ca 4379496E 		.ascii	"CyIntDisable\000"
 721      74446973 
 721      61626C65 
 721      00
 722              	.LASF29:
 723 01d7 4932435F 		.ascii	"I2C_I2CStop\000"
 723      49324353 
 723      746F7000 
 724              	.LASF19:
 725 01e3 4932435F 		.ascii	"I2C_mstrStatus\000"
 725      6D737472 
 725      53746174 
 725      757300
 726              	.LASF4:
 727 01f2 6C6F6E67 		.ascii	"long int\000"
 727      20696E74 
 727      00
 728              	.LASF18:
 729 01fb 4932435F 		.ascii	"I2C_state\000"
 729      73746174 
 729      6500
 730              	.LASF21:
 731 0205 4932435F 		.ascii	"I2C_mstrWrBufIndex\000"
 731      6D737472 
 731      57724275 
 731      66496E64 
 731      657800
 732              	.LASF26:
 733 0218 2E5C4765 		.ascii	".\\Generated_Source\\PSoC4\\I2C_I2C.c\000"
 733      6E657261 
 733      7465645F 
 733      536F7572 
 733      63655C50 
 734              		.ident	"GCC: (GNU Tools for ARM Embedded Processors) 4.9.3 20150303 (release) [ARM/embedded-4_9-br
